#-----------------------------------------------------------
# Vivado v2025.1 (64-bit)
# SW Build 6140274 on Wed May 21 22:58:25 MDT 2025
# IP Build 6138677 on Thu May 22 03:10:11 MDT 2025
# SharedData Build 6139179 on Tue May 20 17:58:58 MDT 2025
# Start of session at: Sat Aug 30 01:49:39 2025
# Process ID         : 24156
# Current directory  : /home/prabhat/Work/Smart_IoT_Sensor_Interface_Controller/vivado_project/iot_sensor_controller.runs/synth_1
# Command line       : vivado -log iot_sensor_controller.vds -product Vivado -mode batch -messageDb vivado.pb -notrace -source iot_sensor_controller.tcl
# Log file           : /home/prabhat/Work/Smart_IoT_Sensor_Interface_Controller/vivado_project/iot_sensor_controller.runs/synth_1/iot_sensor_controller.vds
# Journal file       : /home/prabhat/Work/Smart_IoT_Sensor_Interface_Controller/vivado_project/iot_sensor_controller.runs/synth_1/vivado.jou
# Running On         : fedora
# Platform           : Fedora
# Operating System   : Fedora release 42 (Adams)
# Processor Detail   : AMD Ryzen 7 5800H with Radeon Graphics
# CPU Frequency      : 3353.414 MHz
# CPU Physical cores : 8
# CPU Logical cores  : 16
# Host memory        : 16120 MB
# Swap memory        : 8589 MB
# Total Virtual      : 24710 MB
# Available Virtual  : 17112 MB
#-----------------------------------------------------------
source iot_sensor_controller.tcl -notrace
